// Jest Snapshot v1, https://goo.gl/fbAQLP

exports[`ReportDisplay renders correctly 1`] = `null`;
